Testing connection with key: sb_publishable_c7blg434TB7FIHrDaV2n2Q_ETCw4nH7
Status: 200
Data: [ { count: 38 } ]
Γ£à SUCCESS: Key is valid!
